load_backend: loaded BLAS backend from /opt/homebrew/Cellar/ggml/0.23.0/libexec/libggml-blas.so
ggml_metal_device_init: testing tensor API for f16 support
ggml_metal_library_compile_pipeline: compiling pipeline: base = 'dummy_kernel', name = 'dummy_kernel'
ggml_metal_library_compile_pipeline: loaded dummy_kernel                                  0x1013ffc80 | th_max = 1024 | th_width =   32
ggml_metal_device_init: testing tensor API for bfloat support
ggml_metal_library_compile_pipeline: compiling pipeline: base = 'dummy_kernel', name = 'dummy_kernel'
ggml_metal_library_compile_pipeline: loaded dummy_kernel                                  0x1013ffe80 | th_max = 1024 | th_width =   32
ggml_metal_library_init: using embedded metal library
ggml_metal_library_compile_all: compiled 'fa' library in 0.007 sec
ggml_metal_library_compile_all: compiled 'mul_mv' library in 0.008 sec
ggml_metal_library_compile_all: compiled 'mul_mm' library in 0.009 sec
ggml_metal_library_compile_all: compiled 'quantize' library in 0.001 sec
ggml_metal_library_compile_all: compiled 'softmax' library in 0.000 sec
ggml_metal_library_compile_all: compiled 'norm' library in 0.000 sec
ggml_metal_library_compile_all: compiled 'unary' library in 0.000 sec
ggml_metal_library_compile_all: compiled 'binbcast' library in 0.000 sec
ggml_metal_library_compile_all: compiled 'reduce' library in 0.000 sec
ggml_metal_library_compile_all: compiled 'tri' library in 0.000 sec
ggml_metal_library_compile_all: compiled 'ssm' library in 0.000 sec
ggml_metal_library_compile_all: compiled 'wkv' library in 0.000 sec
ggml_metal_library_compile_all: compiled 'gated_delta_net' library in 0.001 sec
ggml_metal_library_compile_all: compiled 'solve_tri' library in 0.001 sec
ggml_metal_library_compile_all: compiled 'rope' library in 0.001 sec
ggml_metal_library_compile_all: compiled 'conv' library in 0.007 sec
ggml_metal_library_compile_all: compiled 'upscale' library in 0.008 sec
ggml_metal_library_compile_all: compiled 'argsort' library in 0.007 sec
ggml_metal_library_compile_all: compiled 'pool' library in 0.001 sec
ggml_metal_library_compile_all: compiled 'misc' library in 0.001 sec
ggml_metal_library_compile_all: loaded 20 libraries from embedded data in 0.009 sec (max single = 0.009 sec)
ggml_metal_rsets_init: creating a residency set collection (keep_alive = 180 s)
ggml_metal_device_init: GPU name:   MTL0 (Apple M5)
ggml_metal_device_init: GPU family: MTLGPUFamilyApple10  (1010)
ggml_metal_device_init: GPU family: MTLGPUFamilyCommon3 (3003)
ggml_metal_device_init: GPU family: MTLGPUFamilyMetal4  (5002)
ggml_metal_device_init: simdgroup reduction   = true
ggml_metal_device_init: simdgroup matrix mul. = true
ggml_metal_device_init: has unified memory    = true
ggml_metal_device_init: has bfloat            = true
ggml_metal_device_init: has tensor            = true
ggml_metal_device_init: use residency sets    = true
ggml_metal_device_init: use shared buffers    = true
ggml_metal_device_init: recommendedMaxWorkingSetSize  = 19069.67 MB
load_backend: loaded MTL backend from /opt/homebrew/Cellar/ggml/0.23.0/libexec/libggml-metal.so
load_backend: loaded CPU backend from /opt/homebrew/Cellar/ggml/0.23.0/libexec/libggml-cpu-apple_m4.so
read_audio_data: reading audio data from '/Users/shen/SZG/AI Agent/AI Video Reverse Engineer/.scratch/ecommerce-customer-pilot/deliverables/dayao-04-audio.wav' ...
read_audio_data: trying to decode with miniaudio

[00:00:00.000 --> 00:00:02.820]  大摇鼓为气水,先看平身。
[00:00:02.820 --> 00:00:05.720]  再看看它板上餐桌的样子。
[00:00:05.720 --> 00:00:09.480]  打开商品详情,选你喜欢的那款。
output_txt: saving output to '/Users/shen/SZG/AI Agent/AI Video Reverse Engineer/.scratch/ecommerce-customer-pilot/deliverables/dayao-04-asr.txt'
output_srt: saving output to '/Users/shen/SZG/AI Agent/AI Video Reverse Engineer/.scratch/ecommerce-customer-pilot/deliverables/dayao-04-asr.srt'
