........................................................................ [  6%]
........................................................................ [ 12%]
........................................................................ [ 18%]
........................................................................ [ 24%]
........................................................................ [ 30%]
........................................................................ [ 36%]
........................................................................ [ 42%]
...................s.................................................... [ 48%]
........................................................................ [ 54%]
........................................................................ [ 60%]
...............................................s........................ [ 66%]
........................................................................ [ 72%]
........................................................................ [ 78%]
........................................................................ [ 84%]
........................................................................ [ 90%]
........................................................................ [ 96%]
....................................                                     [100%]
=========================== short test summary info ============================
SKIPPED [1] backend/tests/test_depth_capture_runner.py:406: 隔离 worker 环境提供 NumPy
SKIPPED [1] backend/tests/test_person_worker.py:70: 渲染测试只在独立人物 worker 运行时执行
1186 passed, 2 skipped in 73.73s (0:01:13)
