
> ai-video-reverse-engineer-web@0.1.0 test
> vitest run


 RUN  v3.0.8 /Users/shen/SZG/AI Agent/AI Video Reverse Engineer/frontend

 ✓ src/LocalPreprocessingPanel.test.tsx (24 tests) 535ms
 ✓ src/CharacterMotionPanel.test.tsx (11 tests) 583ms
 ✓ src/DepthCapturePanel.test.tsx (17 tests) 575ms
 ✓ src/ReferenceMediaPanel.test.tsx (32 tests) 1006ms
 ✓ src/ReproductionPanel.test.tsx (15 tests) 1266ms
 ✓ src/SemanticAnalysisPanel.test.tsx (5 tests) 219ms
 ✓ src/depthCaptureApi.test.ts (6 tests) 6ms
 ✓ src/VideoUpscalePanel.test.tsx (11 tests) 286ms
 ✓ src/AnalysisProviderSettings.test.tsx (10 tests) 457ms
 ✓ src/ShotResultComparison.test.tsx (7 tests) 179ms
 ✓ src/referenceMediaApi.test.ts (9 tests) 6ms
 ✓ src/ShotPreparationPanel.test.tsx (15 tests) 2100ms
   ✓ ShotPreparationPanel > 运行中的轮询刷新不会丢失草稿，并以草稿原 revision 保存 1159ms
 ✓ src/timelineApi.test.ts (2 tests) 9ms
 ✓ src/VideoToolkitPanel.test.tsx (6 tests) 318ms
 ✓ src/AssetManager.test.tsx (5 tests) 363ms
 ✓ src/analysisProviderApi.test.ts (4 tests) 7ms
 ✓ src/shotPreparationApi.test.ts (4 tests) 9ms
 ✓ src/preproductionApi.test.ts (5 tests) 11ms
 ✓ src/ProjectBackup.test.tsx (4 tests) 193ms
 ✓ src/draftStorage.test.ts (5 tests) 5ms
 ✓ src/ClipWaveform.test.tsx (3 tests) 39ms
 ✓ src/localPreprocessingApi.test.ts (5 tests) 6ms
 ✓ src/HistoryCleanup.test.tsx (2 tests) 205ms
 ✓ src/videoUpscaleApi.test.ts (2 tests) 10ms
 ✓ src/timelineSnapping.test.ts (3 tests) 1ms
 ✓ src/ReproductionFlow.test.tsx (1 test) 178ms
 ✓ src/promptAvailability.test.ts (2 tests) 2ms
 ✓ src/ShotResultVersions.test.tsx (2 tests) 134ms
 ✓ src/App.test.tsx (21 tests) 3719ms
   ✓ 项目首页 > 轮询返回新项目时同步当前页与首页集合 1146ms
   ✓ 项目首页 > 切换项目后旧轮询响应不能覆盖当前项目 1136ms
 ✓ src/styles.test.ts (1 test) 1ms
 ✓ src/characterMotionApi.test.ts (1 test) 2ms
 ✓ src/TimelineEditor.test.tsx (29 tests) 4013ms
   ✓ TimelineEditor > 向项目备份报告内存草稿状态，保存后解除保护 376ms
 ✓ src/PreproductionWorkspace.test.tsx (20 tests) 3956ms
   ✓ PreproductionWorkspace > 保存及晚到轮询回包不会覆盖新草稿或较高 revision 2074ms

 Test Files  33 passed (33)
      Tests  289 passed (289)
   Start at  22:00:09
   Duration  5.40s (transform 1.54s, setup 3.68s, collect 4.13s, tests 20.40s, environment 10.68s, prepare 1.84s)

